# name: test_api_works[json]
  dict({
    'acquired': True,
    'archived': False,
    'args': dict({
      'item_id': 1211,
      'resource_id': 'foo',
      'test': True,
    }),
    'created_at': '2020-01-01T01:01:01Z',
    'id': 'GMPXMVbyXHUfymCDaloV',
    'key': 'VhyCzrhEQdlQPIbLYZKc',
    'ping': dict({
      'pinged_at': '2020-01-01T01:01:01Z',
    }),
    'progress': 6380,
    'rights': dict({
    }),
    'stage': 'iPhGgaTklZTpXCJkWJYU',
    'state': 'running',
    'status': list([
      dict({
        'error': dict({
          'details': list([
            'VCqTDwYzyKtSiEMpnbXp',
          ]),
          'traceback': list([
            'WhbIXmchuyDmybzRLozZ',
          ]),
          'type': 'ASTUagoKFMbsJQgaCJfJ',
        }),
        'progress': 3132,
        'stage': 'aOwDKGzVuuSkpRdRKwoO',
        'state': 'error',
        'step_description': None,
        'step_name': None,
      }),
      dict({
        'error': None,
        'progress': 0,
        'stage': None,
        'state': 'preparing',
        'step_description': None,
        'step_name': None,
      }),
    ]),
    'user': dict({
      'administrator': False,
      'handle': 'aOtEacjXkNWWrsBOfMPS',
      'id': 'psihdpFaJrqQyqzKcYbM',
    }),
    'workflow': 'bXerFVrWCqqjehJZicZB',
  })
# ---
